[
  {"type":"Name","value":"project"},
  {"type":"Punctuation","value":"."},
  {"type":"Name","value":"manifest"},
  {"type":"Text","value":" "},
  {"type":"Operator","value":"="},
  {"type":"Text","value":" manifest.xml\n\n"},
  {"type":"CommentSingle","value":"#here is a comment\n"},
  {"type":"NameConstant","value":"base"},
  {"type":"Punctuation","value":"."},
  {"type":"NameBuiltin","value":"barrelPath"},
  {"type":"Text","value":" "},
  {"type":"Operator","value":"="},
  {"type":"Text","value":" barrels\n\n"},
  {"type":"Name","value":"fr235"},
  {"type":"Punctuation","value":"."},
  {"type":"NameBuiltin","value":"barrelPath"},
  {"type":"Text","value":" "},
  {"type":"Operator","value":"="},
  {"type":"Text","value":" barrels/IconLibrary.barrel"},
  {"type":"Punctuation","value":";"},
  {"type":"Text","value":"barrels/GraphLibrary.barrel\n"},
  {"type":"Name","value":"fr645m"},
  {"type":"Punctuation","value":"."},
  {"type":"NameBuiltin","value":"barrelPath"},
  {"type":"Text","value":" "},
  {"type":"Operator","value":"="},
  {"type":"Text","value":" barrels/M.barrel"},
  {"type":"Punctuation","value":";["},
  {"type":"Text","value":"A/A.jungle"},
  {"type":"Punctuation","value":";"},
  {"type":"Text","value":"A/B.jungle"},
  {"type":"Punctuation","value":"]"},
  {"type":"Text","value":"\n"},
  {"type":"NameConstant","value":"round-215x215"},
  {"type":"Punctuation","value":"."},
  {"type":"Name","value":"GraphLibrary"},
  {"type":"Punctuation","value":"."},
  {"type":"NameBuiltin","value":"annotations"},
  {"type":"Text","value":" "},
  {"type":"Operator","value":"="},
  {"type":"Text","value":" bar\n\n"},
  {"type":"NameConstant","value":"round"},
  {"type":"Punctuation","value":"."},
  {"type":"NameBuiltin","value":"resourcePath"},
  {"type":"Text","value":" "},
  {"type":"Operator","value":"="},
  {"type":"Text","value":" "},
  {"type":"Punctuation","value":"$("},
  {"type":"NameConstant","value":"base"},
  {"type":"Punctuation","value":"."},
  {"type":"NameBuiltin","value":"resourcePath"},
  {"type":"Punctuation","value":");"},
  {"type":"Text","value":"resource-round\n"},
  {"type":"Name","value":"DigitsPicker"},
  {"type":"Text","value":" "},
  {"type":"Operator","value":"="},
  {"type":"Text","value":" "},
  {"type":"Punctuation","value":"["},
  {"type":"Text","value":"..\\ScreenPickers\\monkey.jungle"},
  {"type":"Punctuation","value":"]"},
  {"type":"Text","value":"\n"},
  {"type":"NameConstant","value":"base"},
  {"type":"Punctuation","value":"."},
  {"type":"NameBuiltin","value":"barrelPath"},
  {"type":"Text","value":" "},
  {"type":"Operator","value":"="},
  {"type":"Text","value":" "},
  {"type":"Punctuation","value":"$("},
  {"type":"NameConstant","value":"base"},
  {"type":"Punctuation","value":"."},
  {"type":"NameBuiltin","value":"barrelPath"},
  {"type":"Punctuation","value":");$("},
  {"type":"Name","value":"DigitsPicker"},
  {"type":"Punctuation","value":")"},
  {"type":"Text","value":"\n"},
  {"type":"Name","value":"d2bravo"},
  {"type":"Punctuation","value":"."},
  {"type":"NameBuiltin","value":"resourcePath"},
  {"type":"Text","value":" "},
  {"type":"Operator","value":"="},
  {"type":"Text","value":" "},
  {"type":"Punctuation","value":"$("},
  {"type":"Name","value":"d2bravo"},
  {"type":"Punctuation","value":"."},
  {"type":"NameBuiltin","value":"resourcePath"},
  {"type":"Punctuation","value":");"},
  {"type":"Text","value":"resources-round-218x218-ciq_1.x"},
  {"type":"Punctuation","value":";"},
  {"type":"Text","value":"resources-ciq_1.x-no_hr\n"},
  {"type":"Name","value":"d2bravo_titanium"},
  {"type":"Punctuation","value":"."},
  {"type":"NameBuiltin","value":"resourcePath"},
  {"type":"Text","value":" "},
  {"type":"Operator","value":"="},
  {"type":"Text","value":" "},
  {"type":"Punctuation","value":"$("},
  {"type":"Name","value":"d2bravo_titanium"},
  {"type":"Punctuation","value":"."},
  {"type":"NameBuiltin","value":"resourcePath"},
  {"type":"Punctuation","value":");"},
  {"type":"Text","value":"resources-round-218x218-ciq_1.x"},
  {"type":"Punctuation","value":";"},
  {"type":"Text","value":"resources-ciq_1.x\n"}
]
