[
  {"type":"Keyword","value":"\\documentclass"},
  {"type":"NameAttribute","value":"[12pt]"},
  {"type":"NameBuiltin","value":"{"},
  {"type":"Text","value":"article"},
  {"type":"NameBuiltin","value":"}"},
  {"type":"Text","value":"\n"},
  {"type":"Keyword","value":"\\usepackage"},
  {"type":"NameBuiltin","value":"{"},
  {"type":"Text","value":"lingmacros"},
  {"type":"NameBuiltin","value":"}"},
  {"type":"Text","value":"\n"},
  {"type":"Keyword","value":"\\usepackage"},
  {"type":"NameBuiltin","value":"{"},
  {"type":"Text","value":"tree-dvips"},
  {"type":"NameBuiltin","value":"}"},
  {"type":"Text","value":"\n"},
  {"type":"Keyword","value":"\\begin"},
  {"type":"NameBuiltin","value":"{"},
  {"type":"Text","value":"document"},
  {"type":"NameBuiltin","value":"}"},
  {"type":"Text","value":"\n\n"},
  {"type":"Keyword","value":"\\section*"},
  {"type":"NameBuiltin","value":"{"},
  {"type":"Text","value":"Notes for My Paper"},
  {"type":"NameBuiltin","value":"}"},
  {"type":"Text","value":"\n\nDon't forget to include examples of topicalization.\nThey look like this:\n\n"},
  {"type":"NameBuiltin","value":"{"},
  {"type":"Keyword","value":"\\small"},
  {"type":"Text","value":"\n"},
  {"type":"Keyword","value":"\\enumsentence"},
  {"type":"NameBuiltin","value":"{"},
  {"type":"Text","value":"Topicalization from sentential subject:"},
  {"type":"Keyword","value":"\\\\"},
  {"type":"Text","value":" \n"},
  {"type":"Keyword","value":"\\shortex"},
  {"type":"NameBuiltin","value":"{"},
  {"type":"Text","value":"7"},
  {"type":"NameBuiltin","value":"}{"},
  {"type":"Text","value":"a John"},
  {"type":"LiteralString","value":"$"},
  {"type":"NameBuiltin","value":"_i"},
  {"type":"LiteralString","value":"$"},
  {"type":"Text","value":" [a "},
  {"type":"NameBuiltin","value":"\u0026"},
  {"type":"Text","value":" kltukl "},
  {"type":"NameBuiltin","value":"\u0026"},
  {"type":"Text","value":" [el "},
  {"type":"NameBuiltin","value":"\u0026"},
  {"type":"Text","value":" \n  "},
  {"type":"NameBuiltin","value":"{"},
  {"type":"Keyword","value":"\\bf"},
  {"type":"Text","value":" l-"},
  {"type":"NameBuiltin","value":"}"},
  {"type":"Text","value":"oltoir "},
  {"type":"NameBuiltin","value":"\u0026"},
  {"type":"Text","value":" er "},
  {"type":"NameBuiltin","value":"\u0026"},
  {"type":"Text","value":" ngii"},
  {"type":"LiteralString","value":"$"},
  {"type":"NameBuiltin","value":"_i"},
  {"type":"LiteralString","value":"$"},
  {"type":"Text","value":" "},
  {"type":"NameBuiltin","value":"\u0026"},
  {"type":"Text","value":" a Mary]]"},
  {"type":"NameBuiltin","value":"}"},
  {"type":"Text","value":"\n"},
  {"type":"NameBuiltin","value":"{"},
  {"type":"Text","value":" "},
  {"type":"NameBuiltin","value":"\u0026"},
  {"type":"Text","value":" "},
  {"type":"NameBuiltin","value":"{"},
  {"type":"Keyword","value":"\\bf"},
  {"type":"Text","value":" R-"},
  {"type":"NameBuiltin","value":"}"},
  {"type":"Text","value":"clear "},
  {"type":"NameBuiltin","value":"\u0026"},
  {"type":"Text","value":" "},
  {"type":"NameBuiltin","value":"{"},
  {"type":"Keyword","value":"\\sc"},
  {"type":"Text","value":" comp"},
  {"type":"NameBuiltin","value":"}"},
  {"type":"Text","value":" "},
  {"type":"NameBuiltin","value":"\u0026"},
  {"type":"Text","value":" \n  "},
  {"type":"NameBuiltin","value":"{"},
  {"type":"Keyword","value":"\\bf"},
  {"type":"Text","value":" IR"},
  {"type":"NameBuiltin","value":"}"},
  {"type":"Text","value":"."},
  {"type":"NameBuiltin","value":"{"},
  {"type":"Keyword","value":"\\sc"},
  {"type":"Text","value":" 3s"},
  {"type":"NameBuiltin","value":"}"},
  {"type":"Text","value":"-love   "},
  {"type":"NameBuiltin","value":"\u0026"},
  {"type":"Text","value":" P "},
  {"type":"NameBuiltin","value":"\u0026"},
  {"type":"Text","value":" him "},
  {"type":"NameBuiltin","value":"\u0026"},
  {"type":"Text","value":" "},
  {"type":"NameBuiltin","value":"}"},
  {"type":"Text","value":"\n"},
  {"type":"NameBuiltin","value":"{"},
  {"type":"Text","value":"John, (it's) clear that Mary loves (him)."},
  {"type":"NameBuiltin","value":"}}"},
  {"type":"Text","value":"\n"},
  {"type":"NameBuiltin","value":"}"},
  {"type":"Text","value":"\n\n"},
  {"type":"Keyword","value":"\\subsection*"},
  {"type":"NameBuiltin","value":"{"},
  {"type":"Text","value":"How to handle topicalization"},
  {"type":"NameBuiltin","value":"}"},
  {"type":"Text","value":"\n\nI'll just assume a tree structure like ("},
  {"type":"Keyword","value":"\\ex"},
  {"type":"NameBuiltin","value":"{"},
  {"type":"Text","value":"1"},
  {"type":"NameBuiltin","value":"}"},
  {"type":"Text","value":").\n\n"},
  {"type":"NameBuiltin","value":"{"},
  {"type":"Keyword","value":"\\small"},
  {"type":"Text","value":"\n"},
  {"type":"Keyword","value":"\\enumsentence"},
  {"type":"NameBuiltin","value":"{"},
  {"type":"Text","value":"Structure of A"},
  {"type":"LiteralString","value":"$"},
  {"type":"NameBuiltin","value":"'"},
  {"type":"LiteralString","value":"$"},
  {"type":"Text","value":" Projections:"},
  {"type":"Keyword","value":"\\\\"},
  {"type":"Text","value":" [2ex]\n"},
  {"type":"Keyword","value":"\\begin"},
  {"type":"NameBuiltin","value":"{"},
  {"type":"Text","value":"tabular"},
  {"type":"NameBuiltin","value":"}"},
  {"type":"Text","value":"[t]"},
  {"type":"NameBuiltin","value":"{"},
  {"type":"Text","value":"cccc"},
  {"type":"NameBuiltin","value":"}"},
  {"type":"Text","value":"\n    "},
  {"type":"NameBuiltin","value":"\u0026"},
  {"type":"Text","value":" "},
  {"type":"Keyword","value":"\\node"},
  {"type":"NameBuiltin","value":"{"},
  {"type":"Text","value":"i"},
  {"type":"NameBuiltin","value":"}{"},
  {"type":"Text","value":"CP"},
  {"type":"NameBuiltin","value":"}"},
  {"type":"Keyword","value":"\\\\"},
  {"type":"Text","value":" [2ex]\n    "},
  {"type":"Keyword","value":"\\node"},
  {"type":"NameBuiltin","value":"{"},
  {"type":"Text","value":"ii"},
  {"type":"NameBuiltin","value":"}{"},
  {"type":"Text","value":"Spec"},
  {"type":"NameBuiltin","value":"}"},
  {"type":"Text","value":" "},
  {"type":"NameBuiltin","value":"\u0026"},
  {"type":"Text","value":"   "},
  {"type":"NameBuiltin","value":"\u0026"},
  {"type":"Keyword","value":"\\node"},
  {"type":"NameBuiltin","value":"{"},
  {"type":"Text","value":"iii"},
  {"type":"NameBuiltin","value":"}{"},
  {"type":"Text","value":"C"},
  {"type":"LiteralString","value":"$"},
  {"type":"NameBuiltin","value":"'"},
  {"type":"LiteralString","value":"$"},
  {"type":"NameBuiltin","value":"}"},
  {"type":"Keyword","value":"\\\\"},
  {"type":"Text","value":" [2ex]\n        "},
  {"type":"NameBuiltin","value":"\u0026"},
  {"type":"Keyword","value":"\\node"},
  {"type":"NameBuiltin","value":"{"},
  {"type":"Text","value":"iv"},
  {"type":"NameBuiltin","value":"}{"},
  {"type":"Text","value":"C"},
  {"type":"NameBuiltin","value":"}"},
  {"type":"Text","value":" "},
  {"type":"NameBuiltin","value":"\u0026"},
  {"type":"Text","value":" "},
  {"type":"NameBuiltin","value":"\u0026"},
  {"type":"Text","value":" "},
  {"type":"Keyword","value":"\\node"},
  {"type":"NameBuiltin","value":"{"},
  {"type":"Text","value":"v"},
  {"type":"NameBuiltin","value":"}{"},
  {"type":"Text","value":"SAgrP"},
  {"type":"NameBuiltin","value":"}"},
  {"type":"Text","value":"\n"},
  {"type":"Keyword","value":"\\end"},
  {"type":"NameBuiltin","value":"{"},
  {"type":"Text","value":"tabular"},
  {"type":"NameBuiltin","value":"}"},
  {"type":"Text","value":"\n"},
  {"type":"Keyword","value":"\\nodeconnect"},
  {"type":"NameBuiltin","value":"{"},
  {"type":"Text","value":"i"},
  {"type":"NameBuiltin","value":"}{"},
  {"type":"Text","value":"ii"},
  {"type":"NameBuiltin","value":"}"},
  {"type":"Text","value":"\n"},
  {"type":"Keyword","value":"\\nodeconnect"},
  {"type":"NameBuiltin","value":"{"},
  {"type":"Text","value":"i"},
  {"type":"NameBuiltin","value":"}{"},
  {"type":"Text","value":"iii"},
  {"type":"NameBuiltin","value":"}"},
  {"type":"Text","value":"\n"},
  {"type":"Keyword","value":"\\nodeconnect"},
  {"type":"NameBuiltin","value":"{"},
  {"type":"Text","value":"iii"},
  {"type":"NameBuiltin","value":"}{"},
  {"type":"Text","value":"iv"},
  {"type":"NameBuiltin","value":"}"},
  {"type":"Text","value":"\n"},
  {"type":"Keyword","value":"\\nodeconnect"},
  {"type":"NameBuiltin","value":"{"},
  {"type":"Text","value":"iii"},
  {"type":"NameBuiltin","value":"}{"},
  {"type":"Text","value":"v"},
  {"type":"NameBuiltin","value":"}"},
  {"type":"Text","value":"\n"},
  {"type":"NameBuiltin","value":"}"},
  {"type":"Text","value":"\n"},
  {"type":"NameBuiltin","value":"}"},
  {"type":"Text","value":"\n\n"},
  {"type":"Keyword","value":"\\subsection*"},
  {"type":"NameBuiltin","value":"{"},
  {"type":"Text","value":"Mood"},
  {"type":"NameBuiltin","value":"}"},
  {"type":"Text","value":"\n\nMood changes when there is a topic, as well as when\nthere is WH-movement.  "},
  {"type":"Keyword","value":"\\emph"},
  {"type":"NameBuiltin","value":"{"},
  {"type":"Text","value":"Irrealis"},
  {"type":"NameBuiltin","value":"}"},
  {"type":"Text","value":" is the mood when\nthere is a non-subject topic or WH-phrase in Comp.\n"},
  {"type":"Keyword","value":"\\emph"},
  {"type":"NameBuiltin","value":"{"},
  {"type":"Text","value":"Realis"},
  {"type":"NameBuiltin","value":"}"},
  {"type":"Text","value":" is the mood when there is a subject topic\nor WH-phrase.\n\n"},
  {"type":"Keyword","value":"\\end"},
  {"type":"NameBuiltin","value":"{"},
  {"type":"Text","value":"document"},
  {"type":"NameBuiltin","value":"}"},
  {"type":"Text","value":"\n"}
]
